# source-sha256: 3d7a9b56b24d9333670ad14fd0179ab01f7932a7816da9610b24be3afb487655
=== 1. 깨끗한 상태에서 시작 ===
시작 전 DB 파일 존재: False
SqliteSaver는 WAL 모드를 쓰므로 실행하면 -wal/-shm 사이드카 파일도 함께 생긴다
(경로는 출력하지 않는다)

=== 2. 첫 번째 프로세스 ===
[run1] 부모 프로세스와 동일: False
[run1] 질문: 내 이름은 철수야. 기억해줘.
[run1] 답변: 죄송합니다, 방금 재고 조회를 시도했는데 "test"라는 품목은 재고 목록에 없는 것 같네요.

혹시 실제 품목명으로 재고 조회가 필요하시거나, 다른 도움이 필요하시면 말씀해 주세요!
[run1] 이 스레드에 쌓인 메시지 수: 4
실행 후 DB 파일 존재: True

=== 3. 두 번째 프로세스 (완전히 새 파이썬 프로세스) ===
[run2] 부모 프로세스와 동일: False
[run2] 질문: 내 이름이 뭐라고 했지?
[run2] 답변: 당신의 이름은 **철수**라고 하셨어요! 😊

혹시 다른 도움이 필요하신가요?
[run2] 이 스레드에 쌓인 메시지 수: 6
같은 thread_id로 이어서 대화했다: restart-demo

=== 4. 정리 ===
정리 후 DB 파일 존재: False
예제는 실행할 때마다 깨끗한 상태에서 시작한다
